=== auto_build (GIAO SU N1) 01:05 15/08 ===
  20de goukaku N1.txt: 0 cau
  Bản rõ スピードマスターN1読解.txt: 0 cau
  Shin_Kan''zen_Master_N1-Bunpou.txt: 0 cau
  Shin_Kan_zen_Master_N1-Goi 3.txt: 0 cau
  Shin_Kanzen_Master_N1-Dokkai.txt: 0 cau
  Tanki.Masuta.Doriru.N1_Book.txt: 0 cau
  [studyjapanese.net]_Nihongo_SouMatome_N1-Goi 2.txt: 0 cau
TONG parse: 0
PARSER BATCH QUA IT (<50) -> CAN CALIBRATE THU CONG
=== auto_build (GIAO SU N1) 01:06 15/08 ===
  20de goukaku N1.txt: 0 cau
  Bản rõ スピードマスターN1読解.txt: 0 cau
  Shin_Kan''zen_Master_N1-Bunpou.txt: 0 cau
  Shin_Kan_zen_Master_N1-Goi 3.txt: 3 cau
  Shin_Kanzen_Master_N1-Dokkai.txt: 0 cau
  Tanki.Masuta.Doriru.N1_Book.txt: 0 cau
  [studyjapanese.net]_Nihongo_SouMatome_N1-Goi 2.txt: 0 cau
TONG parse: 3
PARSER BATCH QUA IT (<50) -> CAN CALIBRATE THU CONG
=== auto_build (GIAO SU N1) 01:07 15/08 ===
  20de goukaku N1.txt: 3 cau
  Bản rõ スピードマスターN1読解.txt: 0 cau
  Shin_Kan''zen_Master_N1-Bunpou.txt: 0 cau
  Shin_Kan_zen_Master_N1-Goi 3.txt: 15 cau
  Shin_Kanzen_Master_N1-Dokkai.txt: 8 cau
  Tanki.Masuta.Doriru.N1_Book.txt: 0 cau
  [studyjapanese.net]_Nihongo_SouMatome_N1-Goi 2.txt: 0 cau
TONG parse: 26
PARSER BATCH QUA IT (<50) -> CAN CALIBRATE THU CONG
=== auto_build (GIAO SU N1) 01:17 15/08 ===
  20de goukaku N1.txt: 3 cau
  Bản rõ スピードマスターN1読解.txt: 0 cau
  Shin_Kan''zen_Master_N1-Bunpou.txt: 0 cau
  Shin_Kan_zen_Master_N1-Goi 3.txt: 15 cau
  Shin_Kanzen_Master_N1-Dokkai.txt: 8 cau
  Tanki.Masuta.Doriru.N1_Book.txt: 0 cau
  [studyjapanese.net]_Nihongo_SouMatome_N1-Goi 2.txt: 0 cau
TONG parse: 26
PARSER BATCH QUA IT (<50) -> CAN CALIBRATE THU CONG
=== auto_build (GIAO SU N1) 01:20 15/08 ===
  20de goukaku N1.txt: 3 cau
  Bản rõ スピードマスターN1読解.txt: 0 cau
  Shin_Kan''zen_Master_N1-Bunpou.txt: 0 cau
  Shin_Kan_zen_Master_N1-Goi 3.txt: 15 cau
  Shin_Kanzen_Master_N1-Dokkai.txt: 8 cau
  Tanki.Masuta.Doriru.N1_Book.txt: 0 cau
  [studyjapanese.net]_Nihongo_SouMatome_N1-Goi 2.txt: 0 cau
TONG parse: 26
PARSER BATCH QUA IT (<50) -> CAN CALIBRATE THU CONG
=== auto_build (GIAO SU N1) 01:20 15/08 ===
OCR still running -> skip
=== auto_build (GIAO SU N1) 01:30 15/08 ===
OCR still running -> skip
=== auto_build (GIAO SU N1) 01:45 15/08 ===
OCR still running -> skip
=== auto_build (GIAO SU N1) 02:01 15/08 ===
OCR still running -> skip
=== auto_build (GIAO SU N1) 02:15 15/08 ===
OCR still running -> skip
=== auto_build (GIAO SU N1) 02:16 15/08 ===
OCR still running -> skip
=== auto_build (GIAO SU N1) 02:17 15/08 ===
OCR still running -> skip
=== auto_build (GIAO SU N1) 02:17 15/08 ===
OCR still running -> skip
=== auto_build (GIAO SU N1) 02:31 15/08 ===
  20de goukaku N1.txt: 3 cau
  Bản rõ スピードマスターN1読解.txt: 0 cau
  Shin_Kan''zen_Master_N1-Bunpou.txt: 0 cau
  Shin_Kan_zen_Master_N1-Goi 3.txt: 15 cau
  Shin_Kanzen_Master_N1-Dokkai.txt: 8 cau
  Tanki.Masuta.Doriru.N1_Book.txt: 0 cau
  [studyjapanese.net]_Nihongo_SouMatome_N1-Goi 2.txt: 0 cau
TONG parse: 26
PARSER BATCH QUA IT (<50) -> CAN CALIBRATE THU CONG
=== auto_build (GIAO SU N1) 02:45 15/08 ===
OCR still running -> skip
=== auto_build (GIAO SU N1) 02:48 15/08 ===
  20de goukaku N1.txt: 3 cau
  Bản rõ スピードマスターN1読解.txt: 0 cau
  Shin_Kan''zen_Master_N1-Bunpou.txt: 0 cau
  Shin_Kan_zen_Master_N1-Goi 3.txt: 15 cau
  Shin_Kanzen_Master_N1-Dokkai.txt: 8 cau
  Tanki.Masuta.Doriru.N1_Book.txt: 0 cau
  [studyjapanese.net]_Nihongo_SouMatome_N1-Goi 2.txt: 0 cau
TONG parse: 26
PARSER BATCH QUA IT (<50) -> CAN CALIBRATE THU CONG
=== auto_build (GIAO SU N1) 03:00 15/08 ===
data unchanged since last build (result=WARN) -> skip
=== auto_build (GIAO SU N1) 03:15 15/08 ===
data unchanged since last build (result=WARN) -> skip
=== auto_build (GIAO SU N1) 03:30 15/08 ===
data unchanged since last build (result=WARN) -> skip
=== auto_build (GIAO SU N1) 03:45 15/08 ===
data unchanged since last build (result=WARN) -> skip
=== auto_build (GIAO SU N1) 04:01 15/08 ===
data unchanged since last build (result=WARN) -> skip
=== auto_build (GIAO SU N1) 04:16 15/08 ===
data unchanged since last build (result=WARN) -> skip
=== auto_build (GIAO SU N1) 04:30 15/08 ===
data unchanged since last build (result=WARN) -> skip
=== auto_build (GIAO SU N1) 04:45 15/08 ===
data unchanged since last build (result=WARN) -> skip
=== auto_build (GIAO SU N1) 05:00 15/08 ===
data unchanged since last build (result=WARN) -> skip
=== auto_build (GIAO SU N1) 05:15 15/08 ===
data unchanged since last build (result=WARN) -> skip
=== auto_build (GIAO SU N1) 05:30 15/08 ===
data unchanged since last build (result=WARN) -> skip
=== auto_build (GIAO SU N1) 05:45 15/08 ===
data unchanged since last build (result=WARN) -> skip
=== auto_build (GIAO SU N1) 06:00 15/08 ===
data unchanged since last build (result=WARN) -> skip
=== auto_build (GIAO SU N1) 06:15 15/08 ===
data unchanged since last build (result=WARN) -> skip
=== auto_build (GIAO SU N1) 06:30 15/08 ===
data unchanged since last build (result=WARN) -> skip
=== auto_build (GIAO SU N1) 06:45 15/08 ===
data unchanged since last build (result=WARN) -> skip
=== auto_build (GIAO SU N1) 07:00 15/08 ===
data unchanged since last build (result=WARN) -> skip
=== auto_build (GIAO SU N1) 07:15 15/08 ===
data unchanged since last build (result=WARN) -> skip
=== auto_build (GIAO SU N1) 07:30 15/08 ===
data unchanged since last build (result=WARN) -> skip
=== auto_build (GIAO SU N1) 07:46 15/08 ===
data unchanged since last build (result=WARN) -> skip
=== auto_build (GIAO SU N1) 08:00 15/08 ===
data unchanged since last build (result=WARN) -> skip
=== auto_build (GIAO SU N1) 08:15 15/08 ===
data unchanged since last build (result=WARN) -> skip
=== auto_build (GIAO SU N1) 08:31 15/08 ===
data unchanged since last build (result=WARN) -> skip
=== auto_build (GIAO SU N1) 08:45 15/08 ===
data unchanged since last build (result=WARN) -> skip
=== auto_build (GIAO SU N1) 09:00 15/08 ===
data unchanged since last build (result=WARN) -> skip
=== auto_build (GIAO SU N1) 09:15 15/08 ===
data unchanged since last build (result=WARN) -> skip
=== auto_build (GIAO SU N1) 09:31 15/08 ===
data unchanged since last build (result=WARN) -> skip
=== auto_build (GIAO SU N1) 09:45 15/08 ===
data unchanged since last build (result=WARN) -> skip
=== auto_build (GIAO SU N1) 10:00 15/08 ===
data unchanged since last build (result=WARN) -> skip
=== auto_build (GIAO SU N1) 10:15 15/08 ===
data unchanged since last build (result=WARN) -> skip
=== auto_build (GIAO SU N1) 10:31 15/08 ===
data unchanged since last build (result=WARN) -> skip
=== auto_build (GIAO SU N1) 10:33 15/08 ===
  20de goukaku N1.txt: 3 cau
  Bản rõ スピードマスターN1読解.txt: 0 cau
  Shin_Kan''zen_Master_N1-Bunpou.txt: 0 cau
  Shin_Kan_zen_Master_N1-Goi 3.txt: 15 cau
  Shin_Kanzen_Master_N1-Dokkai.txt: 8 cau
  Tanki.Masuta.Doriru.N1_Book.txt: 0 cau
  [studyjapanese.net]_Nihongo_SouMatome_N1-Goi 2.txt: 0 cau
TONG parse: 26
PARSER BATCH QUA IT (<50) -> CAN CALIBRATE THU CONG
=== auto_build (GIAO SU N1) 10:45 15/08 ===
data unchanged since last build (result=WARN) -> skip
=== auto_build (GIAO SU N1) 11:00 15/08 ===
data unchanged since last build (result=WARN) -> skip
=== auto_build (GIAO SU N1) 11:16 15/08 ===
data unchanged since last build (result=WARN) -> skip
=== auto_build (GIAO SU N1) 11:30 15/08 ===
data unchanged since last build (result=WARN) -> skip
